******************************************************************************
                  TI ARM Linker PC v20.2.0                     
******************************************************************************
>> Linked Wed Feb 24 17:58:52 2021

OUTPUT FILE NAME:   <EGR226_902_Stout_Lab5_Part3.out>
ENTRY POINT SYMBOL: "_c_int00_noargs"  address: 00000985


MEMORY CONFIGURATION

         name            origin    length      used     unused   attr    fill
----------------------  --------  ---------  --------  --------  ----  --------
  MAIN                  00000000   00040000  000009f4  0003f60c  R  X
  INFO                  00200000   00004000  00000000  00004000  R  X
  SRAM_CODE             01000000   00010000  00000204  0000fdfc  RW X
  SRAM_DATA             20000000   00010000  00000204  0000fdfc  RW  


SEGMENT ALLOCATION MAP

run origin  load origin   length   init length attrs members
----------  ----------- ---------- ----------- ----- -------
00000000    00000000    000009f8   000009f8    r-x
  00000000    00000000    000000e4   000000e4    r-- .intvecs
  000000e4    000000e4    000008f8   000008f8    r-x .text
  000009e0    000009e0    00000018   00000018    r-- .cinit
20000000    20000000    00000004   00000000    rw-
  20000000    20000000    00000004   00000000    rw- .data
2000fe00    2000fe00    00000200   00000000    rw-
  2000fe00    2000fe00    00000200   00000000    rw- .stack


SECTION ALLOCATION MAP

 output                                  attributes/
section   page    origin      length       input sections
--------  ----  ----------  ----------   ----------------
.intvecs   0    00000000    000000e4     
                  00000000    000000e4     startup_msp432p401r_ccs.obj (.intvecs:retain)

.text      0    000000e4    000008f8     
                  000000e4    00000424     EGR226_902_Stout_Lab5_Part3_Main.obj (.text)
                  00000508    00000334     system_msp432p401r.obj (.text)
                  0000083c    0000009c     rtsv7M4_T_le_v4SPD16_eabi.lib : memcpy_t2.asm.obj (.text)
                  000008d8    00000068                                   : copy_decompress_lzss.c.obj (.text:decompress:lzss:__TI_decompress_lzss)
                  00000940    00000044                                   : autoinit.c.obj (.text:__TI_auto_init_nobinit_nopinit:__TI_auto_init_nobinit_nopinit)
                  00000984    00000034                                   : boot_cortex_m.c.obj (.text:_c_int00_noargs:_c_int00_noargs)
                  000009b8    0000000e                                   : copy_decompress_none.c.obj (.text:decompress:none:__TI_decompress_none)
                  000009c6    0000000e     startup_msp432p401r_ccs.obj (.text)
                  000009d4    00000004     rtsv7M4_T_le_v4SPD16_eabi.lib : pre_init.c.obj (.text:_system_pre_init)
                  000009d8    00000004                                   : exit.c.obj (.text:abort:abort)

.cinit     0    000009e0    00000018     
                  000009e0    00000008     (.cinit..data.load) [load image, compression = lzss]
                  000009e8    00000008     (__TI_handler_table)
                  000009f0    00000008     (__TI_cinit_table)

.init_array 
*          0    00000000    00000000     UNINITIALIZED

.binit     0    00000000    00000000     

.data      0    20000000    00000004     UNINITIALIZED
                  20000000    00000004     system_msp432p401r.obj (.data)

.stack     0    2000fe00    00000200     UNINITIALIZED
                  2000fe00    00000004     rtsv7M4_T_le_v4SPD16_eabi.lib : boot_cortex_m.c.obj (.stack)
                  2000fe04    000001fc     --HOLE--

__llvm_prf_cnts 
*          0    20000000    00000000     UNINITIALIZED

MODULE SUMMARY

       Module                                 code   ro data   rw data
       ------                                 ----   -------   -------
    .\
       EGR226_902_Stout_Lab5_Part3_Main.obj   1060   0         0      
       system_msp432p401r.obj                 820    0         8      
       startup_msp432p401r_ccs.obj            14     228       0      
    +--+--------------------------------------+------+---------+---------+
       Total:                                 1894   228       8      
                                                                      
    C:\ti\ccs1000\ccs\tools\compiler\ti-cgt-arm_20.2.0.LTS\lib\rtsv7M4_T_le_v4SPD16_eabi.lib
       memcpy_t2.asm.obj                      156    0         0      
       copy_decompress_lzss.c.obj             104    0         0      
       autoinit.c.obj                         68     0         0      
       boot_cortex_m.c.obj                    52     0         0      
       copy_decompress_none.c.obj             14     0         0      
       exit.c.obj                             4      0         0      
       pre_init.c.obj                         4      0         0      
    +--+--------------------------------------+------+---------+---------+
       Total:                                 402    0         0      
                                                                      
       Stack:                                 0      0         1024   
       Linker Generated:                      0      24        0      
    +--+--------------------------------------+------+---------+---------+
       Grand Total:                           2296   252       1032   


LINKER GENERATED COPY TABLES

__TI_cinit_table @ 000009f0 records: 1, size/record: 8, table size: 8
	.data: load addr=000009e0, load size=00000008 bytes, run addr=20000000, run size=00000004 bytes, compression=lzss


LINKER GENERATED HANDLER TABLE

__TI_handler_table @ 000009e8 records: 2, size/record: 4, table size: 8
	index: 0, handler: __TI_decompress_lzss
	index: 1, handler: __TI_decompress_none


GLOBAL SYMBOLS: SORTED ALPHABETICALLY BY Name 

address   name                          
-------   ----                          
000009d3  ADC14_IRQHandler              
000009d3  AES256_IRQHandler             
000009d3  BusFault_Handler              
000009d9  C$$EXIT                       
000009d3  COMP_E0_IRQHandler            
000009d3  COMP_E1_IRQHandler            
000009d3  CS_IRQHandler                 
000009d3  DMA_ERR_IRQHandler            
000009d3  DMA_INT0_IRQHandler           
000009d3  DMA_INT1_IRQHandler           
000009d3  DMA_INT2_IRQHandler           
000009d3  DMA_INT3_IRQHandler           
000003e9  DebouncePressButton1          
00000411  DebouncePressButton2          
00000441  DebounceReleaseButton1        
00000465  DebounceReleaseButton2        
000009d3  DebugMon_Handler              
000009d3  Default_Handler               
000009d3  EUSCIA0_IRQHandler            
000009d3  EUSCIA1_IRQHandler            
000009d3  EUSCIA2_IRQHandler            
000009d3  EUSCIA3_IRQHandler            
000009d3  EUSCIB0_IRQHandler            
000009d3  EUSCIB1_IRQHandler            
000009d3  EUSCIB2_IRQHandler            
000009d3  EUSCIB3_IRQHandler            
000009d3  FLCTL_IRQHandler              
000009d3  FPU_IRQHandler                
000009d3  HardFault_Handler             
00000383  InitializeButtons             
00000327  InitializeLEDs                
000009d3  MemManage_Handler             
000009d3  NMI_Handler                   
000009d3  PCM_IRQHandler                
000009d3  PORT1_IRQHandler              
000009d3  PORT2_IRQHandler              
000009d3  PORT3_IRQHandler              
000009d3  PORT4_IRQHandler              
000009d3  PORT5_IRQHandler              
000009d3  PORT6_IRQHandler              
000009d3  PSS_IRQHandler                
000009d3  PendSV_Handler                
000009d3  RTC_C_IRQHandler              
000009c7  Reset_Handler                 
000009d3  SVC_Handler                   
000009d3  SysTick_Handler               
00000489  SysTick_Init                  
000004a5  SysTick_delay                 
20000000  SystemCoreClock               
00000509  SystemCoreClockUpdate         
00000781  SystemInit                    
000009d3  T32_INT1_IRQHandler           
000009d3  T32_INT2_IRQHandler           
000009d3  T32_INTC_IRQHandler           
000009d3  TA0_0_IRQHandler              
000009d3  TA0_N_IRQHandler              
000009d3  TA1_0_IRQHandler              
000009d3  TA1_N_IRQHandler              
000009d3  TA2_0_IRQHandler              
000009d3  TA2_N_IRQHandler              
000009d3  TA3_0_IRQHandler              
000009d3  TA3_N_IRQHandler              
000009d3  UsageFault_Handler            
4000480c  WDTCTL_SYM                    
000009d3  WDT_A_IRQHandler              
20010000  __STACK_END                   
00000200  __STACK_SIZE                  
000009f0  __TI_CINIT_Base               
000009f8  __TI_CINIT_Limit              
000009e8  __TI_Handler_Table_Base       
000009f0  __TI_Handler_Table_Limit      
00000941  __TI_auto_init_nobinit_nopinit
000008d9  __TI_decompress_lzss          
000009b9  __TI_decompress_none          
ffffffff  __TI_pprof_out_hndl           
ffffffff  __TI_prof_data_size           
ffffffff  __TI_prof_data_start          
00000000  __TI_static_base__            
0000083d  __aeabi_memcpy                
0000083d  __aeabi_memcpy4               
0000083d  __aeabi_memcpy8               
ffffffff  __binit__                     
ffffffff  __c_args__                    
UNDEFED   __mpu_init                    
2000fe00  __stack                       
20000000  __start___llvm_prf_cnts       
20000000  __stop___llvm_prf_cnts        
00000985  _c_int00_noargs               
UNDEFED   _system_post_cinit            
000009d5  _system_pre_init              
000009d9  abort                         
ffffffff  binit                         
00000000  interruptVectors              
000000e5  main                          
0000083d  memcpy                        


GLOBAL SYMBOLS: SORTED BY Symbol Address 

address   name                          
-------   ----                          
00000000  __TI_static_base__            
00000000  interruptVectors              
000000e5  main                          
00000200  __STACK_SIZE                  
00000327  InitializeLEDs                
00000383  InitializeButtons             
000003e9  DebouncePressButton1          
00000411  DebouncePressButton2          
00000441  DebounceReleaseButton1        
00000465  DebounceReleaseButton2        
00000489  SysTick_Init                  
000004a5  SysTick_delay                 
00000509  SystemCoreClockUpdate         
00000781  SystemInit                    
0000083d  __aeabi_memcpy                
0000083d  __aeabi_memcpy4               
0000083d  __aeabi_memcpy8               
0000083d  memcpy                        
000008d9  __TI_decompress_lzss          
00000941  __TI_auto_init_nobinit_nopinit
00000985  _c_int00_noargs               
000009b9  __TI_decompress_none          
000009c7  Reset_Handler                 
000009d3  ADC14_IRQHandler              
000009d3  AES256_IRQHandler             
000009d3  BusFault_Handler              
000009d3  COMP_E0_IRQHandler            
000009d3  COMP_E1_IRQHandler            
000009d3  CS_IRQHandler                 
000009d3  DMA_ERR_IRQHandler            
000009d3  DMA_INT0_IRQHandler           
000009d3  DMA_INT1_IRQHandler           
000009d3  DMA_INT2_IRQHandler           
000009d3  DMA_INT3_IRQHandler           
000009d3  DebugMon_Handler              
000009d3  Default_Handler               
000009d3  EUSCIA0_IRQHandler            
000009d3  EUSCIA1_IRQHandler            
000009d3  EUSCIA2_IRQHandler            
000009d3  EUSCIA3_IRQHandler            
000009d3  EUSCIB0_IRQHandler            
000009d3  EUSCIB1_IRQHandler            
000009d3  EUSCIB2_IRQHandler            
000009d3  EUSCIB3_IRQHandler            
000009d3  FLCTL_IRQHandler              
000009d3  FPU_IRQHandler                
000009d3  HardFault_Handler             
000009d3  MemManage_Handler             
000009d3  NMI_Handler                   
000009d3  PCM_IRQHandler                
000009d3  PORT1_IRQHandler              
000009d3  PORT2_IRQHandler              
000009d3  PORT3_IRQHandler              
000009d3  PORT4_IRQHandler              
000009d3  PORT5_IRQHandler              
000009d3  PORT6_IRQHandler              
000009d3  PSS_IRQHandler                
000009d3  PendSV_Handler                
000009d3  RTC_C_IRQHandler              
000009d3  SVC_Handler                   
000009d3  SysTick_Handler               
000009d3  T32_INT1_IRQHandler           
000009d3  T32_INT2_IRQHandler           
000009d3  T32_INTC_IRQHandler           
000009d3  TA0_0_IRQHandler              
000009d3  TA0_N_IRQHandler              
000009d3  TA1_0_IRQHandler              
000009d3  TA1_N_IRQHandler              
000009d3  TA2_0_IRQHandler              
000009d3  TA2_N_IRQHandler              
000009d3  TA3_0_IRQHandler              
000009d3  TA3_N_IRQHandler              
000009d3  UsageFault_Handler            
000009d3  WDT_A_IRQHandler              
000009d5  _system_pre_init              
000009d9  C$$EXIT                       
000009d9  abort                         
000009e8  __TI_Handler_Table_Base       
000009f0  __TI_CINIT_Base               
000009f0  __TI_Handler_Table_Limit      
000009f8  __TI_CINIT_Limit              
20000000  SystemCoreClock               
20000000  __start___llvm_prf_cnts       
20000000  __stop___llvm_prf_cnts        
2000fe00  __stack                       
20010000  __STACK_END                   
4000480c  WDTCTL_SYM                    
ffffffff  __TI_pprof_out_hndl           
ffffffff  __TI_prof_data_size           
ffffffff  __TI_prof_data_start          
ffffffff  __binit__                     
ffffffff  __c_args__                    
ffffffff  binit                         
UNDEFED   __mpu_init                    
UNDEFED   _system_post_cinit            

[95 symbols]
