******************************************************************************
                  TI ARM Linker PC v20.2.0                     
******************************************************************************
>> Linked Tue Feb 16 18:46:57 2021

OUTPUT FILE NAME:   <EGR226_902_Stout_Lab04.out>
ENTRY POINT SYMBOL: "_c_int00_noargs"  address: 00000881


MEMORY CONFIGURATION

         name            origin    length      used     unused   attr    fill
----------------------  --------  ---------  --------  --------  ----  --------
  MAIN                  00000000   00040000  000008f0  0003f710  R  X
  INFO                  00200000   00004000  00000000  00004000  R  X
  SRAM_CODE             01000000   00010000  00000204  0000fdfc  RW X
  SRAM_DATA             20000000   00010000  00000204  0000fdfc  RW  


SEGMENT ALLOCATION MAP

run origin  load origin   length   init length attrs members
----------  ----------- ---------- ----------- ----- -------
00000000    00000000    000008f0   000008f0    r-x
  00000000    00000000    000000e4   000000e4    r-- .intvecs
  000000e4    000000e4    000007f4   000007f4    r-x .text
  000008d8    000008d8    00000018   00000018    r-- .cinit
20000000    20000000    00000004   00000000    rw-
  20000000    20000000    00000004   00000000    rw- .data
2000fe00    2000fe00    00000200   00000000    rw-
  2000fe00    2000fe00    00000200   00000000    rw- .stack


SECTION ALLOCATION MAP

 output                                  attributes/
section   page    origin      length       input sections
--------  ----  ----------  ----------   ----------------
.intvecs   0    00000000    000000e4     
                  00000000    000000e4     startup_msp432p401r_ccs.obj (.intvecs:retain)

.text      0    000000e4    000007f4     
                  000000e4    00000334     system_msp432p401r.obj (.text)
                  00000418    0000020c     main.obj (.text)
                  00000624    000000b0     LED_Library.obj (.text)
                  000006d4    0000009c     rtsv7M4_T_le_v4SPD16_eabi.lib : memcpy_t2.asm.obj (.text)
                  00000770    00000068                                   : copy_decompress_lzss.c.obj (.text:decompress:lzss:__TI_decompress_lzss)
                  000007d8    00000064     Button_Library.obj (.text)
                  0000083c    00000044     rtsv7M4_T_le_v4SPD16_eabi.lib : autoinit.c.obj (.text:__TI_auto_init_nobinit_nopinit:__TI_auto_init_nobinit_nopinit)
                  00000880    00000034                                   : boot_cortex_m.c.obj (.text:_c_int00_noargs:_c_int00_noargs)
                  000008b4    0000000e                                   : copy_decompress_none.c.obj (.text:decompress:none:__TI_decompress_none)
                  000008c2    0000000e     startup_msp432p401r_ccs.obj (.text)
                  000008d0    00000004     rtsv7M4_T_le_v4SPD16_eabi.lib : pre_init.c.obj (.text:_system_pre_init)
                  000008d4    00000004                                   : exit.c.obj (.text:abort:abort)

.cinit     0    000008d8    00000018     
                  000008d8    00000008     (.cinit..data.load) [load image, compression = lzss]
                  000008e0    00000008     (__TI_handler_table)
                  000008e8    00000008     (__TI_cinit_table)

.init_array 
*          0    00000000    00000000     UNINITIALIZED

.binit     0    00000000    00000000     

.data      0    20000000    00000004     UNINITIALIZED
                  20000000    00000004     system_msp432p401r.obj (.data)

.stack     0    2000fe00    00000200     UNINITIALIZED
                  2000fe00    00000004     rtsv7M4_T_le_v4SPD16_eabi.lib : boot_cortex_m.c.obj (.stack)
                  2000fe04    000001fc     --HOLE--

__llvm_prf_cnts 
*          0    20000000    00000000     UNINITIALIZED

MODULE SUMMARY

       Module                        code   ro data   rw data
       ------                        ----   -------   -------
    .\
       system_msp432p401r.obj        820    0         8      
       main.obj                      524    0         0      
       startup_msp432p401r_ccs.obj   14     228       0      
       LED_Library.obj               176    0         0      
       Button_Library.obj            100    0         0      
    +--+-----------------------------+------+---------+---------+
       Total:                        1634   228       8      
                                                             
    C:\ti\ccs1000\ccs\tools\compiler\ti-cgt-arm_20.2.0.LTS\lib\rtsv7M4_T_le_v4SPD16_eabi.lib
       memcpy_t2.asm.obj             156    0         0      
       copy_decompress_lzss.c.obj    104    0         0      
       autoinit.c.obj                68     0         0      
       boot_cortex_m.c.obj           52     0         0      
       copy_decompress_none.c.obj    14     0         0      
       exit.c.obj                    4      0         0      
       pre_init.c.obj                4      0         0      
    +--+-----------------------------+------+---------+---------+
       Total:                        402    0         0      
                                                             
       Stack:                        0      0         1024   
       Linker Generated:             0      24        0      
    +--+-----------------------------+------+---------+---------+
       Grand Total:                  2036   252       1032   


LINKER GENERATED COPY TABLES

__TI_cinit_table @ 000008e8 records: 1, size/record: 8, table size: 8
	.data: load addr=000008d8, load size=00000008 bytes, run addr=20000000, run size=00000004 bytes, compression=lzss


LINKER GENERATED HANDLER TABLE

__TI_handler_table @ 000008e0 records: 2, size/record: 4, table size: 8
	index: 0, handler: __TI_decompress_lzss
	index: 1, handler: __TI_decompress_none


GLOBAL SYMBOLS: SORTED ALPHABETICALLY BY Name 

address   name                          
-------   ----                          
000008cf  ADC14_IRQHandler              
000008cf  AES256_IRQHandler             
000008cf  BusFault_Handler              
000008d5  C$$EXIT                       
000008cf  COMP_E0_IRQHandler            
000008cf  COMP_E1_IRQHandler            
000008cf  CS_IRQHandler                 
000008cf  DMA_ERR_IRQHandler            
000008cf  DMA_INT0_IRQHandler           
000008cf  DMA_INT1_IRQHandler           
000008cf  DMA_INT2_IRQHandler           
000008cf  DMA_INT3_IRQHandler           
000007d9  DebouncePress                 
00000809  DebounceRelease               
000008cf  DebugMon_Handler              
000008cf  Default_Handler               
000008cf  EUSCIA0_IRQHandler            
000008cf  EUSCIA1_IRQHandler            
000008cf  EUSCIA2_IRQHandler            
000008cf  EUSCIA3_IRQHandler            
000008cf  EUSCIB0_IRQHandler            
000008cf  EUSCIB1_IRQHandler            
000008cf  EUSCIB2_IRQHandler            
000008cf  EUSCIB3_IRQHandler            
000008cf  FLCTL_IRQHandler              
000008cf  FPU_IRQHandler                
000008cf  HardFault_Handler             
00000681  InitializeButtons             
00000625  InitializeLEDs                
000008cf  MemManage_Handler             
000008cf  NMI_Handler                   
000008cf  PCM_IRQHandler                
000008cf  PORT1_IRQHandler              
000008cf  PORT2_IRQHandler              
000008cf  PORT3_IRQHandler              
000008cf  PORT4_IRQHandler              
000008cf  PORT5_IRQHandler              
000008cf  PORT6_IRQHandler              
000008cf  PSS_IRQHandler                
000008cf  PendSV_Handler                
000008cf  RTC_C_IRQHandler              
000008c3  Reset_Handler                 
000008cf  SVC_Handler                   
000008cf  SysTick_Handler               
20000000  SystemCoreClock               
000000e5  SystemCoreClockUpdate         
0000035d  SystemInit                    
000008cf  T32_INT1_IRQHandler           
000008cf  T32_INT2_IRQHandler           
000008cf  T32_INTC_IRQHandler           
000008cf  TA0_0_IRQHandler              
000008cf  TA0_N_IRQHandler              
000008cf  TA1_0_IRQHandler              
000008cf  TA1_N_IRQHandler              
000008cf  TA2_0_IRQHandler              
000008cf  TA2_N_IRQHandler              
000008cf  TA3_0_IRQHandler              
000008cf  TA3_N_IRQHandler              
000008cf  UsageFault_Handler            
4000480c  WDTCTL_SYM                    
000008cf  WDT_A_IRQHandler              
20010000  __STACK_END                   
00000200  __STACK_SIZE                  
000008e8  __TI_CINIT_Base               
000008f0  __TI_CINIT_Limit              
000008e0  __TI_Handler_Table_Base       
000008e8  __TI_Handler_Table_Limit      
0000083d  __TI_auto_init_nobinit_nopinit
00000771  __TI_decompress_lzss          
000008b5  __TI_decompress_none          
ffffffff  __TI_pprof_out_hndl           
ffffffff  __TI_prof_data_size           
ffffffff  __TI_prof_data_start          
00000000  __TI_static_base__            
000006d5  __aeabi_memcpy                
000006d5  __aeabi_memcpy4               
000006d5  __aeabi_memcpy8               
ffffffff  __binit__                     
ffffffff  __c_args__                    
UNDEFED   __mpu_init                    
2000fe00  __stack                       
20000000  __start___llvm_prf_cnts       
20000000  __stop___llvm_prf_cnts        
00000881  _c_int00_noargs               
UNDEFED   _system_post_cinit            
000008d1  _system_pre_init              
000008d5  abort                         
ffffffff  binit                         
00000000  interruptVectors              
00000419  main                          
000006d5  memcpy                        


GLOBAL SYMBOLS: SORTED BY Symbol Address 

address   name                          
-------   ----                          
00000000  __TI_static_base__            
00000000  interruptVectors              
000000e5  SystemCoreClockUpdate         
00000200  __STACK_SIZE                  
0000035d  SystemInit                    
00000419  main                          
00000625  InitializeLEDs                
00000681  InitializeButtons             
000006d5  __aeabi_memcpy                
000006d5  __aeabi_memcpy4               
000006d5  __aeabi_memcpy8               
000006d5  memcpy                        
00000771  __TI_decompress_lzss          
000007d9  DebouncePress                 
00000809  DebounceRelease               
0000083d  __TI_auto_init_nobinit_nopinit
00000881  _c_int00_noargs               
000008b5  __TI_decompress_none          
000008c3  Reset_Handler                 
000008cf  ADC14_IRQHandler              
000008cf  AES256_IRQHandler             
000008cf  BusFault_Handler              
000008cf  COMP_E0_IRQHandler            
000008cf  COMP_E1_IRQHandler            
000008cf  CS_IRQHandler                 
000008cf  DMA_ERR_IRQHandler            
000008cf  DMA_INT0_IRQHandler           
000008cf  DMA_INT1_IRQHandler           
000008cf  DMA_INT2_IRQHandler           
000008cf  DMA_INT3_IRQHandler           
000008cf  DebugMon_Handler              
000008cf  Default_Handler               
000008cf  EUSCIA0_IRQHandler            
000008cf  EUSCIA1_IRQHandler            
000008cf  EUSCIA2_IRQHandler            
000008cf  EUSCIA3_IRQHandler            
000008cf  EUSCIB0_IRQHandler            
000008cf  EUSCIB1_IRQHandler            
000008cf  EUSCIB2_IRQHandler            
000008cf  EUSCIB3_IRQHandler            
000008cf  FLCTL_IRQHandler              
000008cf  FPU_IRQHandler                
000008cf  HardFault_Handler             
000008cf  MemManage_Handler             
000008cf  NMI_Handler                   
000008cf  PCM_IRQHandler                
000008cf  PORT1_IRQHandler              
000008cf  PORT2_IRQHandler              
000008cf  PORT3_IRQHandler              
000008cf  PORT4_IRQHandler              
000008cf  PORT5_IRQHandler              
000008cf  PORT6_IRQHandler              
000008cf  PSS_IRQHandler                
000008cf  PendSV_Handler                
000008cf  RTC_C_IRQHandler              
000008cf  SVC_Handler                   
000008cf  SysTick_Handler               
000008cf  T32_INT1_IRQHandler           
000008cf  T32_INT2_IRQHandler           
000008cf  T32_INTC_IRQHandler           
000008cf  TA0_0_IRQHandler              
000008cf  TA0_N_IRQHandler              
000008cf  TA1_0_IRQHandler              
000008cf  TA1_N_IRQHandler              
000008cf  TA2_0_IRQHandler              
000008cf  TA2_N_IRQHandler              
000008cf  TA3_0_IRQHandler              
000008cf  TA3_N_IRQHandler              
000008cf  UsageFault_Handler            
000008cf  WDT_A_IRQHandler              
000008d1  _system_pre_init              
000008d5  C$$EXIT                       
000008d5  abort                         
000008e0  __TI_Handler_Table_Base       
000008e8  __TI_CINIT_Base               
000008e8  __TI_Handler_Table_Limit      
000008f0  __TI_CINIT_Limit              
20000000  SystemCoreClock               
20000000  __start___llvm_prf_cnts       
20000000  __stop___llvm_prf_cnts        
2000fe00  __stack                       
20010000  __STACK_END                   
4000480c  WDTCTL_SYM                    
ffffffff  __TI_pprof_out_hndl           
ffffffff  __TI_prof_data_size           
ffffffff  __TI_prof_data_start          
ffffffff  __binit__                     
ffffffff  __c_args__                    
ffffffff  binit                         
UNDEFED   __mpu_init                    
UNDEFED   _system_post_cinit            

[91 symbols]
